goblin-core SIMD caps: neon=0 avx2=0 avx512bw=0 avx512vl=0 lsx=0 lasx=0
goblin-core NUMA: node 1 selected explicitly, CPU 5
goblin-core: SBE enabled as a trusted, unauthenticated fabric
goblin-core listening on tcp://127.0.0.1:6379
goblin-core: libfabric verbs;ofi_rxm 10.100.0.1:7401 ready (FI_EP_RDM, 0 ms heartbeat lease)
goblin-core: polled mode -- busy-polling 1 ordered server target(s) ahead of sockets (100% CPU by design)
LIBFABRIC_ORDER,server-requests,16182911283289109311,received=50000,delivered=50000,sequestered=0,duplicates=0,overflows=0,max-gap=0,max-pending=0
LIBFABRIC_ORDER,server-requests,16182911283289109311,received=100000,delivered=100000,sequestered=0,duplicates=0,overflows=0,max-gap=0,max-pending=0
LIBFABRIC_ORDER,server-requests,16182911283289109311,received=150000,delivered=150000,sequestered=0,duplicates=0,overflows=0,max-gap=0,max-pending=0
LIBFABRIC_ORDER,server-requests,16182911283289109311,received=200000,delivered=200000,sequestered=0,duplicates=0,overflows=0,max-gap=0,max-pending=0
LIBFABRIC_ORDER,server-requests,16182911283289109311,received=250000,delivered=250000,sequestered=0,duplicates=0,overflows=0,max-gap=0,max-pending=0
LIBFABRIC_ORDER,server-requests,16182911283289109311,received=300000,delivered=300000,sequestered=0,duplicates=0,overflows=0,max-gap=0,max-pending=0
LIBFABRIC_ORDER,server-requests,16182911283289109311,received=350000,delivered=350000,sequestered=0,duplicates=0,overflows=0,max-gap=0,max-pending=0
LIBFABRIC_ORDER,server-requests,16182911283289109311,received=400000,delivered=400000,sequestered=0,duplicates=0,overflows=0,max-gap=0,max-pending=0
LIBFABRIC_ORDER,server-requests,6901118502353440277,received=3,delivered=3,sequestered=0,duplicates=0,overflows=0,max-gap=0,max-pending=0
LIBFABRIC_ORDER,server-requests,16182911283289109311,received=440005,delivered=440005,sequestered=0,duplicates=0,overflows=0,max-gap=0,max-pending=0
LIBFABRIC_ORDER,server-requests,1324650569690471997,received=50000,delivered=50000,sequestered=0,duplicates=0,overflows=0,max-gap=0,max-pending=0
LIBFABRIC_ORDER,server-requests,1324650569690471997,received=100000,delivered=100000,sequestered=0,duplicates=0,overflows=0,max-gap=0,max-pending=0
LIBFABRIC_ORDER,server-requests,1324650569690471997,received=150000,delivered=150000,sequestered=0,duplicates=0,overflows=0,max-gap=0,max-pending=0
LIBFABRIC_ORDER,server-requests,1324650569690471997,received=200000,delivered=200000,sequestered=0,duplicates=0,overflows=0,max-gap=0,max-pending=0
LIBFABRIC_ORDER,server-requests,1324650569690471997,received=250000,delivered=250000,sequestered=0,duplicates=0,overflows=0,max-gap=0,max-pending=0
LIBFABRIC_ORDER,server-requests,1324650569690471997,received=300000,delivered=300000,sequestered=0,duplicates=0,overflows=0,max-gap=0,max-pending=0
LIBFABRIC_ORDER,server-requests,1324650569690471997,received=350000,delivered=350000,sequestered=0,duplicates=0,overflows=0,max-gap=0,max-pending=0
LIBFABRIC_ORDER,server-requests,1324650569690471997,received=400000,delivered=400000,sequestered=0,duplicates=0,overflows=0,max-gap=0,max-pending=0
LIBFABRIC_ORDER,server-requests,9442710237005851523,received=3,delivered=3,sequestered=0,duplicates=0,overflows=0,max-gap=0,max-pending=0
LIBFABRIC_ORDER,server-requests,1324650569690471997,received=440005,delivered=440005,sequestered=0,duplicates=0,overflows=0,max-gap=0,max-pending=0
LIBFABRIC_ORDER,server-requests,1748039256899681062,received=50000,delivered=50000,sequestered=0,duplicates=0,overflows=0,max-gap=0,max-pending=0
LIBFABRIC_ORDER,server-requests,1748039256899681062,received=100000,delivered=100000,sequestered=0,duplicates=0,overflows=0,max-gap=0,max-pending=0
LIBFABRIC_ORDER,server-requests,1748039256899681062,received=150000,delivered=150000,sequestered=0,duplicates=0,overflows=0,max-gap=0,max-pending=0
LIBFABRIC_ORDER,server-requests,1748039256899681062,received=200000,delivered=200000,sequestered=0,duplicates=0,overflows=0,max-gap=0,max-pending=0
LIBFABRIC_ORDER,server-requests,1748039256899681062,received=250000,delivered=250000,sequestered=0,duplicates=0,overflows=0,max-gap=0,max-pending=0
LIBFABRIC_ORDER,server-requests,1748039256899681062,received=300000,delivered=300000,sequestered=0,duplicates=0,overflows=0,max-gap=0,max-pending=0
LIBFABRIC_ORDER,server-requests,1748039256899681062,received=350000,delivered=350000,sequestered=0,duplicates=0,overflows=0,max-gap=0,max-pending=0
LIBFABRIC_ORDER,server-requests,1748039256899681062,received=400000,delivered=400000,sequestered=0,duplicates=0,overflows=0,max-gap=0,max-pending=0
LIBFABRIC_ORDER,server-requests,1748039256899681062,received=450000,delivered=450000,sequestered=0,duplicates=0,overflows=0,max-gap=0,max-pending=0
LIBFABRIC_ORDER,server-requests,1748039256899681062,received=500000,delivered=500000,sequestered=0,duplicates=0,overflows=0,max-gap=0,max-pending=0
LIBFABRIC_ORDER,server-requests,1748039256899681062,received=550000,delivered=550000,sequestered=0,duplicates=0,overflows=0,max-gap=0,max-pending=0
LIBFABRIC_ORDER,server-requests,1748039256899681062,received=600000,delivered=600000,sequestered=0,duplicates=0,overflows=0,max-gap=0,max-pending=0
LIBFABRIC_ORDER,server-requests,1748039256899681062,received=650000,delivered=650000,sequestered=0,duplicates=0,overflows=0,max-gap=0,max-pending=0
LIBFABRIC_ORDER,server-requests,1748039256899681062,received=700000,delivered=700000,sequestered=0,duplicates=0,overflows=0,max-gap=0,max-pending=0
LIBFABRIC_ORDER,server-requests,1748039256899681062,received=750000,delivered=750000,sequestered=0,duplicates=0,overflows=0,max-gap=0,max-pending=0
LIBFABRIC_ORDER,server-requests,1748039256899681062,received=800000,delivered=800000,sequestered=0,duplicates=0,overflows=0,max-gap=0,max-pending=0
LIBFABRIC_ORDER,server-requests,1748039256899681062,received=850000,delivered=850000,sequestered=0,duplicates=0,overflows=0,max-gap=0,max-pending=0
LIBFABRIC_ORDER,server-requests,1748039256899681062,received=900000,delivered=900000,sequestered=0,duplicates=0,overflows=0,max-gap=0,max-pending=0
LIBFABRIC_ORDER,server-requests,1748039256899681062,received=950000,delivered=950000,sequestered=0,duplicates=0,overflows=0,max-gap=0,max-pending=0
LIBFABRIC_ORDER,server-requests,1748039256899681062,received=1000000,delivered=1000000,sequestered=0,duplicates=0,overflows=0,max-gap=0,max-pending=0
LIBFABRIC_ORDER,server-requests,1748039256899681062,received=1050000,delivered=1050000,sequestered=0,duplicates=0,overflows=0,max-gap=0,max-pending=0
LIBFABRIC_ORDER,server-requests,1748039256899681062,received=1100000,delivered=1100000,sequestered=0,duplicates=0,overflows=0,max-gap=0,max-pending=0
LIBFABRIC_ORDER,server-requests,1748039256899681062,received=1150000,delivered=1150000,sequestered=0,duplicates=0,overflows=0,max-gap=0,max-pending=0
LIBFABRIC_ORDER,server-requests,1748039256899681062,received=1200000,delivered=1200000,sequestered=0,duplicates=0,overflows=0,max-gap=0,max-pending=0
LIBFABRIC_ORDER,server-requests,1748039256899681062,received=1250000,delivered=1250000,sequestered=0,duplicates=0,overflows=0,max-gap=0,max-pending=0
LIBFABRIC_ORDER,server-requests,1748039256899681062,received=1300000,delivered=1300000,sequestered=0,duplicates=0,overflows=0,max-gap=0,max-pending=0
LIBFABRIC_ORDER,server-requests,1748039256899681062,received=1350000,delivered=1350000,sequestered=0,duplicates=0,overflows=0,max-gap=0,max-pending=0
LIBFABRIC_ORDER,server-requests,1748039256899681062,received=1400000,delivered=1400000,sequestered=0,duplicates=0,overflows=0,max-gap=0,max-pending=0
LIBFABRIC_ORDER,server-requests,1748039256899681062,received=1450000,delivered=1450000,sequestered=0,duplicates=0,overflows=0,max-gap=0,max-pending=0
LIBFABRIC_ORDER,server-requests,1748039256899681062,received=1500000,delivered=1500000,sequestered=0,duplicates=0,overflows=0,max-gap=0,max-pending=0
LIBFABRIC_ORDER,server-requests,1748039256899681062,received=1550000,delivered=1550000,sequestered=0,duplicates=0,overflows=0,max-gap=0,max-pending=0
LIBFABRIC_ORDER,server-requests,1748039256899681062,received=1600000,delivered=1600000,sequestered=0,duplicates=0,overflows=0,max-gap=0,max-pending=0
LIBFABRIC_ORDER,server-requests,1748039256899681062,received=1650000,delivered=1650000,sequestered=0,duplicates=0,overflows=0,max-gap=0,max-pending=0
LIBFABRIC_ORDER,server-requests,1748039256899681062,received=1700000,delivered=1700000,sequestered=0,duplicates=0,overflows=0,max-gap=0,max-pending=0
LIBFABRIC_ORDER,server-requests,1748039256899681062,received=1750000,delivered=1750000,sequestered=0,duplicates=0,overflows=0,max-gap=0,max-pending=0
LIBFABRIC_ORDER,server-requests,1748039256899681062,received=1800000,delivered=1800000,sequestered=0,duplicates=0,overflows=0,max-gap=0,max-pending=0
LIBFABRIC_ORDER,server-requests,1748039256899681062,received=1850000,delivered=1850000,sequestered=0,duplicates=0,overflows=0,max-gap=0,max-pending=0
LIBFABRIC_ORDER,server-requests,1748039256899681062,received=1900000,delivered=1900000,sequestered=0,duplicates=0,overflows=0,max-gap=0,max-pending=0
LIBFABRIC_ORDER,server-requests,1748039256899681062,received=1950000,delivered=1950000,sequestered=0,duplicates=0,overflows=0,max-gap=0,max-pending=0
LIBFABRIC_ORDER,server-requests,1748039256899681062,received=2000000,delivered=2000000,sequestered=0,duplicates=0,overflows=0,max-gap=0,max-pending=0
LIBFABRIC_ORDER,server-requests,1748039256899681062,received=2050000,delivered=2050000,sequestered=0,duplicates=0,overflows=0,max-gap=0,max-pending=0
LIBFABRIC_ORDER,server-requests,1748039256899681062,received=2100000,delivered=2100000,sequestered=0,duplicates=0,overflows=0,max-gap=0,max-pending=0
LIBFABRIC_ORDER,server-requests,1748039256899681062,received=2150000,delivered=2150000,sequestered=0,duplicates=0,overflows=0,max-gap=0,max-pending=0
LIBFABRIC_ORDER,server-requests,1748039256899681062,received=2200000,delivered=2200000,sequestered=0,duplicates=0,overflows=0,max-gap=0,max-pending=0
LIBFABRIC_ORDER,server-requests,1748039256899681062,received=2250000,delivered=2250000,sequestered=0,duplicates=0,overflows=0,max-gap=0,max-pending=0
LIBFABRIC_ORDER,server-requests,1748039256899681062,received=2300000,delivered=2300000,sequestered=0,duplicates=0,overflows=0,max-gap=0,max-pending=0
LIBFABRIC_ORDER,server-requests,1748039256899681062,received=2350000,delivered=2350000,sequestered=0,duplicates=0,overflows=0,max-gap=0,max-pending=0
LIBFABRIC_ORDER,server-requests,1748039256899681062,received=2400000,delivered=2400000,sequestered=0,duplicates=0,overflows=0,max-gap=0,max-pending=0
LIBFABRIC_ORDER,server-requests,1748039256899681062,received=2450000,delivered=2450000,sequestered=0,duplicates=0,overflows=0,max-gap=0,max-pending=0
LIBFABRIC_ORDER,server-requests,1748039256899681062,received=2500000,delivered=2500000,sequestered=0,duplicates=0,overflows=0,max-gap=0,max-pending=0
LIBFABRIC_ORDER,server-requests,1748039256899681062,received=2550000,delivered=2550000,sequestered=0,duplicates=0,overflows=0,max-gap=0,max-pending=0
LIBFABRIC_ORDER,server-requests,1748039256899681062,received=2600000,delivered=2600000,sequestered=0,duplicates=0,overflows=0,max-gap=0,max-pending=0
LIBFABRIC_ORDER,server-requests,1748039256899681062,received=2650000,delivered=2650000,sequestered=0,duplicates=0,overflows=0,max-gap=0,max-pending=0
LIBFABRIC_ORDER,server-requests,1748039256899681062,received=2700000,delivered=2700000,sequestered=0,duplicates=0,overflows=0,max-gap=0,max-pending=0
LIBFABRIC_ORDER,server-requests,1748039256899681062,received=2750000,delivered=2750000,sequestered=0,duplicates=0,overflows=0,max-gap=0,max-pending=0
LIBFABRIC_ORDER,server-requests,1748039256899681062,received=2800000,delivered=2800000,sequestered=0,duplicates=0,overflows=0,max-gap=0,max-pending=0
LIBFABRIC_ORDER,server-requests,1748039256899681062,received=2850000,delivered=2850000,sequestered=0,duplicates=0,overflows=0,max-gap=0,max-pending=0
LIBFABRIC_ORDER,server-requests,1748039256899681062,received=2900000,delivered=2900000,sequestered=0,duplicates=0,overflows=0,max-gap=0,max-pending=0
LIBFABRIC_ORDER,server-requests,1748039256899681062,received=2950000,delivered=2950000,sequestered=0,duplicates=0,overflows=0,max-gap=0,max-pending=0
LIBFABRIC_ORDER,server-requests,1748039256899681062,received=3000000,delivered=3000000,sequestered=0,duplicates=0,overflows=0,max-gap=0,max-pending=0
LIBFABRIC_ORDER,server-requests,1748039256899681062,received=3050000,delivered=3050000,sequestered=0,duplicates=0,overflows=0,max-gap=0,max-pending=0
LIBFABRIC_ORDER,server-requests,1748039256899681062,received=3100000,delivered=3100000,sequestered=0,duplicates=0,overflows=0,max-gap=0,max-pending=0
LIBFABRIC_ORDER,server-requests,1748039256899681062,received=3150000,delivered=3150000,sequestered=0,duplicates=0,overflows=0,max-gap=0,max-pending=0
LIBFABRIC_ORDER,server-requests,1748039256899681062,received=3200000,delivered=3200000,sequestered=0,duplicates=0,overflows=0,max-gap=0,max-pending=0
LIBFABRIC_ORDER,server-requests,1748039256899681062,received=3250000,delivered=3250000,sequestered=0,duplicates=0,overflows=0,max-gap=0,max-pending=0
LIBFABRIC_ORDER,server-requests,1748039256899681062,received=3300000,delivered=3300000,sequestered=0,duplicates=0,overflows=0,max-gap=0,max-pending=0
LIBFABRIC_ORDER,server-requests,1748039256899681062,received=3350000,delivered=3350000,sequestered=0,duplicates=0,overflows=0,max-gap=0,max-pending=0
LIBFABRIC_ORDER,server-requests,1748039256899681062,received=3400000,delivered=3400000,sequestered=0,duplicates=0,overflows=0,max-gap=0,max-pending=0
LIBFABRIC_ORDER,server-requests,1748039256899681062,received=3450000,delivered=3450000,sequestered=0,duplicates=0,overflows=0,max-gap=0,max-pending=0
LIBFABRIC_ORDER,server-requests,1748039256899681062,received=3500000,delivered=3500000,sequestered=0,duplicates=0,overflows=0,max-gap=0,max-pending=0
LIBFABRIC_ORDER,server-requests,1748039256899681062,received=3550000,delivered=3550000,sequestered=0,duplicates=0,overflows=0,max-gap=0,max-pending=0
LIBFABRIC_ORDER,server-requests,1748039256899681062,received=3600000,delivered=3600000,sequestered=0,duplicates=0,overflows=0,max-gap=0,max-pending=0
LIBFABRIC_ORDER,server-requests,1748039256899681062,received=3650000,delivered=3650000,sequestered=0,duplicates=0,overflows=0,max-gap=0,max-pending=0
LIBFABRIC_ORDER,server-requests,1748039256899681062,received=3700000,delivered=3700000,sequestered=0,duplicates=0,overflows=0,max-gap=0,max-pending=0
LIBFABRIC_ORDER,server-requests,1748039256899681062,received=3750000,delivered=3750000,sequestered=0,duplicates=0,overflows=0,max-gap=0,max-pending=0
LIBFABRIC_ORDER,server-requests,1748039256899681062,received=3800000,delivered=3800000,sequestered=0,duplicates=0,overflows=0,max-gap=0,max-pending=0
LIBFABRIC_ORDER,server-requests,1748039256899681062,received=3850000,delivered=3850000,sequestered=0,duplicates=0,overflows=0,max-gap=0,max-pending=0
LIBFABRIC_ORDER,server-requests,1748039256899681062,received=3900000,delivered=3900000,sequestered=0,duplicates=0,overflows=0,max-gap=0,max-pending=0
LIBFABRIC_ORDER,server-requests,1748039256899681062,received=3950000,delivered=3950000,sequestered=0,duplicates=0,overflows=0,max-gap=0,max-pending=0
LIBFABRIC_ORDER,server-requests,1748039256899681062,received=4000000,delivered=4000000,sequestered=0,duplicates=0,overflows=0,max-gap=0,max-pending=0
LIBFABRIC_ORDER,server-requests,1748039256899681062,received=4050000,delivered=4050000,sequestered=0,duplicates=0,overflows=0,max-gap=0,max-pending=0
LIBFABRIC_ORDER,server-requests,1748039256899681062,received=4100000,delivered=4100000,sequestered=0,duplicates=0,overflows=0,max-gap=0,max-pending=0
LIBFABRIC_ORDER,server-requests,1748039256899681062,received=4150000,delivered=4150000,sequestered=0,duplicates=0,overflows=0,max-gap=0,max-pending=0
LIBFABRIC_ORDER,server-requests,1748039256899681062,received=4200000,delivered=4200000,sequestered=0,duplicates=0,overflows=0,max-gap=0,max-pending=0
LIBFABRIC_ORDER,server-requests,1748039256899681062,received=4250000,delivered=4250000,sequestered=0,duplicates=0,overflows=0,max-gap=0,max-pending=0
LIBFABRIC_ORDER,server-requests,1748039256899681062,received=4300000,delivered=4300000,sequestered=0,duplicates=0,overflows=0,max-gap=0,max-pending=0
LIBFABRIC_ORDER,server-requests,1748039256899681062,received=4350000,delivered=4350000,sequestered=0,duplicates=0,overflows=0,max-gap=0,max-pending=0
LIBFABRIC_ORDER,server-requests,1748039256899681062,received=4400000,delivered=4400000,sequestered=0,duplicates=0,overflows=0,max-gap=0,max-pending=0
LIBFABRIC_ORDER,server-requests,3995038268520125871,received=3,delivered=3,sequestered=0,duplicates=0,overflows=0,max-gap=0,max-pending=0
LIBFABRIC_ORDER,server-requests,1748039256899681062,received=4400005,delivered=4400005,sequestered=0,duplicates=0,overflows=0,max-gap=0,max-pending=0
LIBFABRIC_ORDER,server-requests,18080447812502883015,received=50000,delivered=50000,sequestered=0,duplicates=0,overflows=0,max-gap=0,max-pending=0
LIBFABRIC_ORDER,server-requests,14757376335274719511,received=3,delivered=3,sequestered=0,duplicates=0,overflows=0,max-gap=0,max-pending=0
LIBFABRIC_ORDER,server-requests,18080447812502883015,received=88005,delivered=88005,sequestered=0,duplicates=0,overflows=0,max-gap=0,max-pending=0
LIBFABRIC_ORDER,server-requests,8415276405990283147,received=3,delivered=3,sequestered=0,duplicates=0,overflows=0,max-gap=0,max-pending=0
LIBFABRIC_ORDER,server-requests,11372201234453428500,received=885,delivered=885,sequestered=0,duplicates=0,overflows=0,max-gap=0,max-pending=0
